ninja-relay - snapshotting poe.ninja poe1 economy API (/poe1/api/economy/*)
User-Agent: ninja-relay/1.0 (+https://github.com/search?q=ninja-relay; contact: github.com/jaysonsmith1998-rgb)
Discovering current league from https://poe.ninja/poe1/api/economy/leagues
League: Allflame  [discovered from /leagues]
Fetching exchange:Currency ...
  NOTE: 100 rows returned but none had a usable name+price. Fields present: ['id', 'maxVolumeCurrency', 'maxVolumeRate', 'primaryValue', 'sparkline', 'volumePrimaryValue']
  exchange-currency.json is identical to the committed copy - left alone
Fetching currency:Currency ...
  wrote currency.json (17 records, 17 available)
Fetching currency:Fragment ...
  wrote fragments.json (12 records, 12 available)
Fetching item:UniqueWeapon ...
  wrote unique-weapons.json (573 records, 573 available)
Fetching item:UniqueArmour ...
  wrote unique-armour.json (905 records, 905 available)
Fetching item:UniqueAccessory ...
  wrote unique-accessories.json (363 records, 363 available)
Fetching item:UniqueFlask ...
  wrote unique-flasks.json (40 records, 40 available)
Fetching item:UniqueJewel ...
  wrote unique-jewels.json (166 records, 166 available)
Fetching item:SkillGem ...
  wrote skill-gems.json (815 records, 815 available)
Fetching item:ClusterJewel ...
  wrote cluster-jewels.json (788 records, 788 available)
Wrote index.json - 10 file(s), 0 error(s)
